../Core/Src/main.c:111:6:LEDFCN	4	static
../Core/Src/main.c:162:6:PumpFCN	8	static
../Core/Src/main.c:173:6:ReceiveWref	8	static
../Core/Src/main.c:383:6:TransmitWref	8	static
../Core/Src/main.c:423:6:ReceiveTablet	8	static
../Core/Src/main.c:446:6:DelayTwoSeconds	4	static
../Core/Src/main.c:458:6:ActivateArm	8	static
../Core/Src/main.c:483:5:main	8	static
../Core/Src/main.c:607:6:SystemClock_Config	72	static
../Core/Src/main.c:647:13:MX_TIM1_Init	32	static
../Core/Src/main.c:693:13:MX_TIM2_Init	64	static
../Core/Src/main.c:756:13:MX_TIM3_Init	32	static
../Core/Src/main.c:801:13:MX_TIM4_Init	64	static
../Core/Src/main.c:868:13:MX_USART1_UART_Init	8	static
../Core/Src/main.c:901:13:MX_USART2_UART_Init	8	static
../Core/Src/main.c:934:13:MX_USART3_UART_Init	8	static
../Core/Src/main.c:967:13:MX_GPIO_Init	40	static
../Core/Src/main.c:1018:6:Error_Handler	4	static,ignoring_inline_asm
